120.17.131.141 - - [09/May/2023:03:29:48 +0000] "GET /socket.io/?EIO=4&transport=polling&t=OV-ZjVJ HTTP/1.1" 200 118 "https://teachertables.com/teacher/nonMember" "Mozilla/5.0 (Linux; Android 11; SM-G973F) AppleWebKit/537.36 (KHTML, like Gecko) Chrome/112.0.0.0 Mobile Safari/537.36" "-"
120.17.131.141 - - [09/May/2023:03:29:48 +0000] "POST /socket.io/?EIO=4&transport=polling&t=OV-ZjXj&sid=2cuv-GUJ504h3rjuAABw HTTP/1.1" 200 2 "https://teachertables.com/teacher/nonMember" "Mozilla/5.0 (Linux; Android 11; SM-G973F) AppleWebKit/537.36 (KHTML, like Gecko) Chrome/112.0.0.0 Mobile Safari/537.36" "-"
120.17.131.141 - - [09/May/2023:03:29:48 +0000] "GET /socket.io/?EIO=4&transport=polling&t=OV-ZjXt&sid=2cuv-GUJ504h3rjuAABw HTTP/1.1" 200 32 "https://teachertables.com/teacher/nonMember" "Mozilla/5.0 (Linux; Android 11; SM-G973F) AppleWebKit/537.36 (KHTML, like Gecko) Chrome/112.0.0.0 Mobile Safari/537.36" "-"
120.17.131.141 - - [09/May/2023:03:29:49 +0000] "GET /socket.io/?EIO=4&transport=polling&t=OV-Zjbl&sid=2cuv-GUJ504h3rjuAABw HTTP/1.1" 200 1 "https://teachertables.com/teacher/nonMember" "Mozilla/5.0 (Linux; Android 11; SM-G973F) AppleWebKit/537.36 (KHTML, like Gecko) Chrome/112.0.0.0 Mobile Safari/537.36" "-"
120.17.131.141 - - [09/May/2023:03:29:51 +0000] "GET /socket.io/?EIO=4&transport=polling&t=OV-ZkED HTTP/1.1" 200 118 "https://teachertables.com/teacher/nonMember" "Mozilla/5.0 (Linux; Android 11; SM-G973F) AppleWebKit/537.36 (KHTML, like Gecko) Chrome/112.0.0.0 Mobile Safari/537.36" "-"
120.17.131.141 - - [09/May/2023:03:29:51 +0000] "POST /socket.io/?EIO=4&transport=polling&t=OV-ZkFZ&sid=S1WLX8Et5x3vwFdyAABy HTTP/1.1" 200 2 "https://teachertables.com/teacher/nonMember" "Mozilla/5.0 (Linux; Android 11; SM-G973F) AppleWebKit/537.36 (KHTML, like Gecko) Chrome/112.0.0.0 Mobile Safari/537.36" "-"
120.17.131.141 - - [09/May/2023:03:29:51 +0000] "GET /socket.io/?EIO=4&transport=polling&t=OV-ZkFg&sid=S1WLX8Et5x3vwFdyAABy HTTP/1.1" 200 32 "https://teachertables.com/teacher/nonMember" "Mozilla/5.0 (Linux; Android 11; SM-G973F) AppleWebKit/537.36 (KHTML, like Gecko) Chrome/112.0.0.0 Mobile Safari/537.36" "-"
120.17.131.141 - - [09/May/2023:03:29:52 +0000] "GET /socket.io/?EIO=4&transport=polling&t=OV-ZkLR&sid=S1WLX8Et5x3vwFdyAABy HTTP/1.1" 200 1 "https://teachertables.com/teacher/nonMember" "Mozilla/5.0 (Linux; Android 11; SM-G973F) AppleWebKit/537.36 (KHTML, like Gecko) Chrome/112.0.0.0 Mobile Safari/537.36" "-"
120.18.220.92 - - [09/May/2023:03:29:52 +0000] "GET /socket.io/?EIO=4&transport=polling&t=OV-Zkxt HTTP/1.1" 200 118 "https://teachertables.com/parent/x6f22h" "Mozilla/5.0 (Windows NT 10.0; Win64; x64) AppleWebKit/537.36 (KHTML, like Gecko) Chrome/113.0.0.0 Safari/537.36 Edg/113.0.1774.35" "-"
120.18.220.92 - - [09/May/2023:03:29:52 +0000] "POST /socket.io/?EIO=4&transport=polling&t=OV-Zk_P&sid=L4oeMTHWlpUjk33GAAB0 HTTP/1.1" 200 2 "https://teachertables.com/parent/x6f22h" "Mozilla/5.0 (Windows NT 10.0; Win64; x64) AppleWebKit/537.36 (KHTML, like Gecko) Chrome/113.0.0.0 Safari/537.36 Edg/113.0.1774.35" "-"
120.18.220.92 - - [09/May/2023:03:29:52 +0000] "GET /socket.io/?EIO=4&transport=polling&t=OV-Zk_T&sid=L4oeMTHWlpUjk33GAAB0 HTTP/1.1" 200 32 "https://teachertables.com/parent/x6f22h" "Mozilla/5.0 (Windows NT 10.0; Win64; x64) AppleWebKit/537.36 (KHTML, like Gecko) Chrome/113.0.0.0 Safari/537.36 Edg/113.0.1774.35" "-"
120.18.220.92 - - [09/May/2023:03:29:52 +0000] "POST /socket.io/?EIO=4&transport=polling&t=OV-Zl1D&sid=L4oeMTHWlpUjk33GAAB0 HTTP/1.1" 200 2 "https://teachertables.com/parent/x6f22h" "Mozilla/5.0 (Windows NT 10.0; Win64; x64) AppleWebKit/537.36 (KHTML, like Gecko) Chrome/113.0.0.0 Safari/537.36 Edg/113.0.1774.35" "-"
120.18.220.92 - - [09/May/2023:03:29:52 +0000] "GET /socket.io/?EIO=4&transport=polling&t=OV-Zl1F&sid=L4oeMTHWlpUjk33GAAB0 HTTP/1.1" 200 312 "https://teachertables.com/parent/x6f22h" "Mozilla/5.0 (Windows NT 10.0; Win64; x64) AppleWebKit/537.36 (KHTML, like Gecko) Chrome/113.0.0.0 Safari/537.36 Edg/113.0.1774.35" "-"
203.45.80.162 - - [09/May/2023:03:29:52 +0000] "GET /teacher_log_in HTTP/1.1" 200 8882 "https://teachertables.com/teacher/nonMember" "Mozilla/5.0 (Macintosh; Intel Mac OS X 10_15_7) AppleWebKit/605.1.15 (KHTML, like Gecko) Version/16.4 Safari/605.1.15" "-"
203.45.80.162 - - [09/May/2023:03:29:52 +0000] "GET /images/teacher_tables.svg HTTP/1.1" 304 0 "https://teachertables.com/teacher_log_in" "Mozilla/5.0 (Macintosh; Intel Mac OS X 10_15_7) AppleWebKit/605.1.15 (KHTML, like Gecko) Version/16.4 Safari/605.1.15" "-"
203.45.80.162 - - [09/May/2023:03:29:59 +0000] "POST /teacher/teacher_log_in/schoolTeacher HTTP/1.1" 200 89188 "https://teachertables.com/teacher_log_in" "Mozilla/5.0 (Macintosh; Intel Mac OS X 10_15_7) AppleWebKit/605.1.15 (KHTML, like Gecko) Version/16.4 Safari/605.1.15" "-"
203.45.80.162 - - [09/May/2023:03:29:59 +0000] "GET /images/edit.svg HTTP/1.1" 304 0 "https://teachertables.com/teacher/teacher_log_in/schoolTeacher" "Mozilla/5.0 (Macintosh; Intel Mac OS X 10_15_7) AppleWebKit/605.1.15 (KHTML, like Gecko) Version/16.4 Safari/605.1.15" "-"
203.45.80.162 - - [09/May/2023:03:29:59 +0000] "GET /scripts/teacher/yearActivity_and_activityName_objects.js?v=230503 HTTP/1.1" 304 0 "https://teachertables.com/teacher/teacher_log_in/schoolTeacher" "Mozilla/5.0 (Macintosh; Intel Mac OS X 10_15_7) AppleWebKit/605.1.15 (KHTML, like Gecko) Version/16.4 Safari/605.1.15" "-"
203.45.80.162 - - [09/May/2023:03:29:59 +0000] "GET /images/teacher_tables.svg HTTP/1.1" 304 0 "https://teachertables.com/teacher/teacher_log_in/schoolTeacher" "Mozilla/5.0 (Macintosh; Intel Mac OS X 10_15_7) AppleWebKit/605.1.15 (KHTML, like Gecko) Version/16.4 Safari/605.1.15" "-"
203.45.80.162 - - [09/May/2023:03:29:59 +0000] "GET /images/video_play.svg HTTP/1.1" 304 0 "https://teachertables.com/teacher/teacher_log_in/schoolTeacher" "Mozilla/5.0 (Macintosh; Intel Mac OS X 10_15_7) AppleWebKit/605.1.15 (KHTML, like Gecko) Version/16.4 Safari/605.1.15" "-"
203.45.80.162 - - [09/May/2023:03:29:59 +0000] "GET /images/game_code.svg HTTP/1.1" 304 0 "https://teachertables.com/teacher/teacher_log_in/schoolTeacher" "Mozilla/5.0 (Macintosh; Intel Mac OS X 10_15_7) AppleWebKit/605.1.15 (KHTML, like Gecko) Version/16.4 Safari/605.1.15" "-"
203.45.80.162 - - [09/May/2023:03:29:59 +0000] "GET /images/pencil.svg HTTP/1.1" 304 0 "https://teachertables.com/teacher/teacher_log_in/schoolTeacher" "Mozilla/5.0 (Macintosh; Intel Mac OS X 10_15_7) AppleWebKit/605.1.15 (KHTML, like Gecko) Version/16.4 Safari/605.1.15" "-"
203.45.80.162 - - [09/May/2023:03:29:59 +0000] "GET /images/teacher.svg HTTP/1.1" 304 0 "https://teachertables.com/teacher/teacher_log_in/schoolTeacher" "Mozilla/5.0 (Macintosh; Intel Mac OS X 10_15_7) AppleWebKit/605.1.15 (KHTML, like Gecko) Version/16.4 Safari/605.1.15" "-"
203.45.80.162 - - [09/May/2023:03:29:59 +0000] "GET /scripts/full_activity_menu.js?v=230503 HTTP/1.1" 200 53927 "https://teachertables.com/teacher/teacher_log_in/schoolTeacher" "Mozilla/5.0 (Macintosh; Intel Mac OS X 10_15_7) AppleWebKit/605.1.15 (KHTML, like Gecko) Version/16.4 Safari/605.1.15" "-"
203.45.80.162 - - [09/May/2023:03:29:59 +0000] "GET /images/refresh.svg HTTP/1.1" 304 0 "https://teachertables.com/teacher/teacher_log_in/schoolTeacher" "Mozilla/5.0 (Macintosh; Intel Mac OS X 10_15_7) AppleWebKit/605.1.15 (KHTML, like Gecko) Version/16.4 Safari/605.1.15" "-"
203.45.80.162 - - [09/May/2023:03:29:59 +0000] "GET /socket.io/?EIO=4&transport=polling&t=OV-Zmba HTTP/1.1" 200 118 "https://teachertables.com/teacher/teacher_log_in/schoolTeacher" "Mozilla/5.0 (Macintosh; Intel Mac OS X 10_15_7) AppleWebKit/605.1.15 (KHTML, like Gecko) Version/16.4 Safari/605.1.15" "-"
203.45.80.162 - - [09/May/2023:03:29:59 +0000] "POST /socket.io/?EIO=4&transport=polling&t=OV-Zmbs&sid=yyXPxP8jbkIn43_wAAB2 HTTP/1.1" 200 2 "https://teachertables.com/teacher/teacher_log_in/schoolTeacher" "Mozilla/5.0 (Macintosh; Intel Mac OS X 10_15_7) AppleWebKit/605.1.15 (KHTML, like Gecko) Version/16.4 Safari/605.1.15" "-"
203.45.80.162 - - [09/May/2023:03:29:59 +0000] "GET /socket.io/?EIO=4&transport=polling&t=OV-Zmbu&sid=yyXPxP8jbkIn43_wAAB2 HTTP/1.1" 200 32 "https://teachertables.com/teacher/teacher_log_in/schoolTeacher" "Mozilla/5.0 (Macintosh; Intel Mac OS X 10_15_7) AppleWebKit/605.1.15 (KHTML, like Gecko) Version/16.4 Safari/605.1.15" "-"
203.45.80.162 - - [09/May/2023:03:30:01 +0000] "GET /socket.io/?EIO=4&transport=websocket&sid=yyXPxP8jbkIn43_wAAB2 HTTP/1.1" 101 379 "-" "Mozilla/5.0 (Macintosh; Intel Mac OS X 10_15_7) AppleWebKit/605.1.15 (KHTML, like Gecko) Version/16.4 Safari/605.1.15" "-"
120.17.131.141 - - [09/May/2023:03:30:01 +0000] "GET /socket.io/?EIO=4&transport=websocket&sid=S1WLX8Et5x3vwFdyAABy HTTP/1.1" 101 8 "-" "Mozilla/5.0 (Linux; Android 11; SM-G973F) AppleWebKit/537.36 (KHTML, like Gecko) Chrome/112.0.0.0 Mobile Safari/537.36" "-"
120.18.220.92 - - [09/May/2023:03:30:01 +0000] "GET /socket.io/?EIO=4&transport=websocket&sid=L4oeMTHWlpUjk33GAAB0 HTTP/1.1" 101 326 "-" "Mozilla/5.0 (Windows NT 10.0; Win64; x64) AppleWebKit/537.36 (KHTML, like Gecko) Chrome/113.0.0.0 Safari/537.36 Edg/113.0.1774.35" "-"
120.17.131.141 - - [09/May/2023:03:30:01 +0000] "GET /socket.io/?EIO=4&transport=websocket&sid=2cuv-GUJ504h3rjuAABw HTTP/1.1" 101 8 "-" "Mozilla/5.0 (Linux; Android 11; SM-G973F) AppleWebKit/537.36 (KHTML, like Gecko) Chrome/112.0.0.0 Mobile Safari/537.36" "-"
203.45.80.162 - - [09/May/2023:03:30:01 +0000] "GET /teacher/get_game_code/q8gk56/Moe HTTP/1.1" 502 173 "https://teachertables.com/teacher/teacher_log_in/schoolTeacher" "Mozilla/5.0 (Macintosh; Intel Mac OS X 10_15_7) AppleWebKit/605.1.15 (KHTML, like Gecko) Version/16.4 Safari/605.1.15" "-"
127.0.0.1 - - [09/May/2023:03:30:02 +0000] "GET /whm-server-status HTTP/1.0" 404 3804 "-" "-" "-"
120.18.220.92 - - [09/May/2023:03:30:02 +0000] "GET /socket.io/?EIO=4&transport=polling&t=OV-ZnO5 HTTP/1.1" 502 575 "https://teachertables.com/parent/x6f22h" "Mozilla/5.0 (Windows NT 10.0; Win64; x64) AppleWebKit/537.36 (KHTML, like Gecko) Chrome/113.0.0.0 Safari/537.36 Edg/113.0.1774.35" "-"
120.17.131.141 - - [09/May/2023:03:30:02 +0000] "GET /socket.io/?EIO=4&transport=polling&t=OV-Zmw2 HTTP/1.1" 502 575 "https://teachertables.com/teacher/nonMember" "Mozilla/5.0 (Linux; Android 11; SM-G973F) AppleWebKit/537.36 (KHTML, like Gecko) Chrome/112.0.0.0 Mobile Safari/537.36" "-"
120.17.131.141 - - [09/May/2023:03:30:02 +0000] "GET /socket.io/?EIO=4&transport=polling&t=OV-Zmw2 HTTP/1.1" 502 575 "https://teachertables.com/teacher/nonMember" "Mozilla/5.0 (Linux; Android 11; SM-G973F) AppleWebKit/537.36 (KHTML, like Gecko) Chrome/112.0.0.0 Mobile Safari/537.36" "-"
203.45.80.162 - - [09/May/2023:03:30:02 +0000] "GET /teacher/get_game_code/q8gk56/Moe HTTP/1.1" 502 173 "https://teachertables.com/teacher/teacher_log_in/schoolTeacher" "Mozilla/5.0 (Macintosh; Intel Mac OS X 10_15_7) AppleWebKit/605.1.15 (KHTML, like Gecko) Version/16.4 Safari/605.1.15" "-"
203.45.80.162 - - [09/May/2023:03:30:03 +0000] "GET /teacher/get_game_code/q8gk56/Moe HTTP/1.1" 502 173 "https://teachertables.com/teacher/teacher_log_in/schoolTeacher" "Mozilla/5.0 (Macintosh; Intel Mac OS X 10_15_7) AppleWebKit/605.1.15 (KHTML, like Gecko) Version/16.4 Safari/605.1.15" "-"
120.18.220.92 - - [09/May/2023:03:30:05 +0000] "GET /socket.io/?EIO=4&transport=polling&t=OV-Zo6x HTTP/1.1" 502 575 "https://teachertables.com/parent/x6f22h" "Mozilla/5.0 (Windows NT 10.0; Win64; x64) AppleWebKit/537.36 (KHTML, like Gecko) Chrome/113.0.0.0 Safari/537.36 Edg/113.0.1774.35" "-"
120.17.131.141 - - [09/May/2023:03:30:05 +0000] "GET /socket.io/?EIO=4&transport=polling&t=OV-Zne- HTTP/1.1" 502 575 "https://teachertables.com/teacher/nonMember" "Mozilla/5.0 (Linux; Android 11; SM-G973F) AppleWebKit/537.36 (KHTML, like Gecko) Chrome/112.0.0.0 Mobile Safari/537.36" "-"
120.17.131.141 - - [09/May/2023:03:30:05 +0000] "GET /socket.io/?EIO=4&transport=polling&t=OV-Znew HTTP/1.1" 502 575 "https://teachertables.com/teacher/nonMember" "Mozilla/5.0 (Linux; Android 11; SM-G973F) AppleWebKit/537.36 (KHTML, like Gecko) Chrome/112.0.0.0 Mobile Safari/537.36" "-"
120.18.220.92 - - [09/May/2023:03:30:08 +0000] "GET /socket.io/?EIO=4&transport=polling&t=OV-Zorm HTTP/1.1" 502 575 "https://teachertables.com/parent/x6f22h" "Mozilla/5.0 (Windows NT 10.0; Win64; x64) AppleWebKit/537.36 (KHTML, like Gecko) Chrome/113.0.0.0 Safari/537.36 Edg/113.0.1774.35" "-"
120.17.131.141 - - [09/May/2023:03:30:08 +0000] "GET /socket.io/?EIO=4&transport=polling&t=OV-ZoNo HTTP/1.1" 502 575 "https://teachertables.com/teacher/nonMember" "Mozilla/5.0 (Linux; Android 11; SM-G973F) AppleWebKit/537.36 (KHTML, like Gecko) Chrome/112.0.0.0 Mobile Safari/537.36" "-"
120.18.220.92 - - [09/May/2023:03:30:09 +0000] "GET / HTTP/1.1" 502 575 "-" "Mozilla/5.0 (Windows NT 10.0; Win64; x64) AppleWebKit/537.36 (KHTML, like Gecko) Chrome/113.0.0.0 Safari/537.36 Edg/113.0.1774.35" "-"
120.18.220.92 - - [09/May/2023:03:30:09 +0000] "GET /favicon.ico HTTP/1.1" 502 575 "https://teachertables.com/" "Mozilla/5.0 (Windows NT 10.0; Win64; x64) AppleWebKit/537.36 (KHTML, like Gecko) Chrome/113.0.0.0 Safari/537.36 Edg/113.0.1774.35" "-"
120.17.131.141 - - [09/May/2023:03:30:11 +0000] "GET /socket.io/?EIO=4&transport=polling&t=OV-Zp6g HTTP/1.1" 502 575 "https://teachertables.com/teacher/nonMember" "Mozilla/5.0 (Linux; Android 11; SM-G973F) AppleWebKit/537.36 (KHTML, like Gecko) Chrome/112.0.0.0 Mobile Safari/537.36" "-"
120.17.131.141 - - [09/May/2023:03:30:13 +0000] "GET /socket.io/?EIO=4&transport=polling&t=OV-Zpbw HTTP/1.1" 200 118 "https://teachertables.com/teacher/nonMember" "Mozilla/5.0 (Linux; Android 11; SM-G973F) AppleWebKit/537.36 (KHTML, like Gecko) Chrome/112.0.0.0 Mobile Safari/537.36" "-"
120.17.131.141 - - [09/May/2023:03:30:13 +0000] "POST /socket.io/?EIO=4&transport=polling&t=OV-ZpdP&sid=wMbPoSkZSOSrW3oTAAAA HTTP/1.1" 200 2 "https://teachertables.com/teacher/nonMember" "Mozilla/5.0 (Linux; Android 11; SM-G973F) AppleWebKit/537.36 (KHTML, like Gecko) Chrome/112.0.0.0 Mobile Safari/537.36" "-"
120.17.131.141 - - [09/May/2023:03:30:13 +0000] "GET /socket.io/?EIO=4&transport=polling&t=OV-ZpdV&sid=wMbPoSkZSOSrW3oTAAAA HTTP/1.1" 200 32 "https://teachertables.com/teacher/nonMember" "Mozilla/5.0 (Linux; Android 11; SM-G973F) AppleWebKit/537.36 (KHTML, like Gecko) Chrome/112.0.0.0 Mobile Safari/537.36" "-"
120.17.131.141 - - [09/May/2023:03:30:14 +0000] "GET /socket.io/?EIO=4&transport=polling&t=OV-ZphR&sid=wMbPoSkZSOSrW3oTAAAA HTTP/1.1" 200 1 "https://teachertables.com/teacher/nonMember" "Mozilla/5.0 (Linux; Android 11; SM-G973F) AppleWebKit/537.36 (KHTML, like Gecko) Chrome/112.0.0.0 Mobile Safari/537.36" "-"
120.18.220.92 - - [09/May/2023:03:30:14 +0000] "GET /socket.io/?EIO=4&transport=polling&t=OV-ZqJY HTTP/1.1" 200 118 "https://teachertables.com/parent/x6f22h" "Mozilla/5.0 (Windows NT 10.0; Win64; x64) AppleWebKit/537.36 (KHTML, like Gecko) Chrome/113.0.0.0 Safari/537.36 Edg/113.0.1774.35" "-"
120.18.220.92 - - [09/May/2023:03:30:14 +0000] "POST /socket.io/?EIO=4&transport=polling&t=OV-ZqK6&sid=DYszHE48SHTAe570AAAC HTTP/1.1" 200 2 "https://teachertables.com/parent/x6f22h" "Mozilla/5.0 (Windows NT 10.0; Win64; x64) AppleWebKit/537.36 (KHTML, like Gecko) Chrome/113.0.0.0 Safari/537.36 Edg/113.0.1774.35" "-"
120.18.220.92 - - [09/May/2023:03:30:14 +0000] "GET /socket.io/?EIO=4&transport=polling&t=OV-ZqKA&sid=DYszHE48SHTAe570AAAC HTTP/1.1" 200 32 "https://teachertables.com/parent/x6f22h" "Mozilla/5.0 (Windows NT 10.0; Win64; x64) AppleWebKit/537.36 (KHTML, like Gecko) Chrome/113.0.0.0 Safari/537.36 Edg/113.0.1774.35" "-"
120.18.220.92 - - [09/May/2023:03:30:14 +0000] "POST /socket.io/?EIO=4&transport=polling&t=OV-ZqLy&sid=DYszHE48SHTAe570AAAC HTTP/1.1" 200 2 "https://teachertables.com/parent/x6f22h" "Mozilla/5.0 (Windows NT 10.0; Win64; x64) AppleWebKit/537.36 (KHTML, like Gecko) Chrome/113.0.0.0 Safari/537.36 Edg/113.0.1774.35" "-"
120.18.220.92 - - [09/May/2023:03:30:14 +0000] "GET /socket.io/?EIO=4&transport=polling&t=OV-ZqL-&sid=DYszHE48SHTAe570AAAC HTTP/1.1" 200 312 "https://teachertables.com/parent/x6f22h" "Mozilla/5.0 (Windows NT 10.0; Win64; x64) AppleWebKit/537.36 (KHTML, like Gecko) Chrome/113.0.0.0 Safari/537.36 Edg/113.0.1774.35" "-"
203.45.80.162 - - [09/May/2023:03:30:16 +0000] "GET /teacher_log_in HTTP/1.1" 200 8882 "https://teachertables.com/teacher/nonMember" "Mozilla/5.0 (Macintosh; Intel Mac OS X 10_15_7) AppleWebKit/605.1.15 (KHTML, like Gecko) Version/16.4 Safari/605.1.15" "-"
203.45.80.162 - - [09/May/2023:03:30:16 +0000] "GET /images/teacher_tables.svg HTTP/1.1" 304 0 "https://teachertables.com/teacher_log_in" "Mozilla/5.0 (Macintosh; Intel Mac OS X 10_15_7) AppleWebKit/605.1.15 (KHTML, like Gecko) Version/16.4 Safari/605.1.15" "-"
120.17.131.141 - - [09/May/2023:03:30:17 +0000] "GET /socket.io/?EIO=4&transport=polling&t=OV-ZqaS HTTP/1.1" 200 118 "https://teachertables.com/teacher/nonMember" "Mozilla/5.0 (Linux; Android 11; SM-G973F) AppleWebKit/537.36 (KHTML, like Gecko) Chrome/112.0.0.0 Mobile Safari/537.36" "-"
120.17.131.141 - - [09/May/2023:03:30:17 +0000] "POST /socket.io/?EIO=4&transport=polling&t=OV-Zqc5&sid=JIUZZ3RP1C9JfleVAAAE HTTP/1.1" 200 2 "https://teachertables.com/teacher/nonMember" "Mozilla/5.0 (Linux; Android 11; SM-G973F) AppleWebKit/537.36 (KHTML, like Gecko) Chrome/112.0.0.0 Mobile Safari/537.36" "-"
120.17.131.141 - - [09/May/2023:03:30:18 +0000] "GET /socket.io/?EIO=4&transport=polling&t=OV-ZqcA&sid=JIUZZ3RP1C9JfleVAAAE HTTP/1.1" 200 32 "https://teachertables.com/teacher/nonMember" "Mozilla/5.0 (Linux; Android 11; SM-G973F) AppleWebKit/537.36 (KHTML, like Gecko) Chrome/112.0.0.0 Mobile Safari/537.36" "-"
203.45.80.162 - - [09/May/2023:03:30:22 +0000] "POST /teacher/teacher_log_in/schoolTeacher HTTP/1.1" 200 89188 "https://teachertables.com/teacher_log_in" "Mozilla/5.0 (Macintosh; Intel Mac OS X 10_15_7) AppleWebKit/605.1.15 (KHTML, like Gecko) Version/16.4 Safari/605.1.15" "-"
203.45.80.162 - - [09/May/2023:03:30:22 +0000] "GET /images/teacher_tables.svg HTTP/1.1" 304 0 "https://teachertables.com/teacher/teacher_log_in/schoolTeacher" "Mozilla/5.0 (Macintosh; Intel Mac OS X 10_15_7) AppleWebKit/605.1.15 (KHTML, like Gecko) Version/16.4 Safari/605.1.15" "-"
203.45.80.162 - - [09/May/2023:03:30:22 +0000] "GET /images/video_play.svg HTTP/1.1" 304 0 "https://teachertables.com/teacher/teacher_log_in/schoolTeacher" "Mozilla/5.0 (Macintosh; Intel Mac OS X 10_15_7) AppleWebKit/605.1.15 (KHTML, like Gecko) Version/16.4 Safari/605.1.15" "-"
203.45.80.162 - - [09/May/2023:03:30:22 +0000] "GET /images/game_code.svg HTTP/1.1" 304 0 "https://teachertables.com/teacher/teacher_log_in/schoolTeacher" "Mozilla/5.0 (Macintosh; Intel Mac OS X 10_15_7) AppleWebKit/605.1.15 (KHTML, like Gecko) Version/16.4 Safari/605.1.15" "-"
203.45.80.162 - - [09/May/2023:03:30:22 +0000] "GET /images/teacher.svg HTTP/1.1" 304 0 "https://teachertables.com/teacher/teacher_log_in/schoolTeacher" "Mozilla/5.0 (Macintosh; Intel Mac OS X 10_15_7) AppleWebKit/605.1.15 (KHTML, like Gecko) Version/16.4 Safari/605.1.15" "-"
203.45.80.162 - - [09/May/2023:03:30:22 +0000] "GET /images/pencil.svg HTTP/1.1" 304 0 "https://teachertables.com/teacher/teacher_log_in/schoolTeacher" "Mozilla/5.0 (Macintosh; Intel Mac OS X 10_15_7) AppleWebKit/605.1.15 (KHTML, like Gecko) Version/16.4 Safari/605.1.15" "-"
203.45.80.162 - - [09/May/2023:03:30:22 +0000] "GET /scripts/teacher/yearActivity_and_activityName_objects.js?v=230503 HTTP/1.1" 304 0 "https://teachertables.com/teacher/teacher_log_in/schoolTeacher" "Mozilla/5.0 (Macintosh; Intel Mac OS X 10_15_7) AppleWebKit/605.1.15 (KHTML, like Gecko) Version/16.4 Safari/605.1.15" "-"
203.45.80.162 - - [09/May/2023:03:30:22 +0000] "GET /scripts/full_activity_menu.js?v=230503 HTTP/1.1" 304 0 "https://teachertables.com/teacher/teacher_log_in/schoolTeacher" "Mozilla/5.0 (Macintosh; Intel Mac OS X 10_15_7) AppleWebKit/605.1.15 (KHTML, like Gecko) Version/16.4 Safari/605.1.15" "-"
203.45.80.162 - - [09/May/2023:03:30:22 +0000] "GET /images/refresh.svg HTTP/1.1" 304 0 "https://teachertables.com/teacher/teacher_log_in/schoolTeacher" "Mozilla/5.0 (Macintosh; Intel Mac OS X 10_15_7) AppleWebKit/605.1.15 (KHTML, like Gecko) Version/16.4 Safari/605.1.15" "-"
203.45.80.162 - - [09/May/2023:03:30:22 +0000] "GET /images/edit.svg HTTP/1.1" 304 0 "https://teachertables.com/teacher/teacher_log_in/schoolTeacher" "Mozilla/5.0 (Macintosh; Intel Mac OS X 10_15_7) AppleWebKit/605.1.15 (KHTML, like Gecko) Version/16.4 Safari/605.1.15" "-"
203.45.80.162 - - [09/May/2023:03:30:22 +0000] "GET /socket.io/?EIO=4&transport=polling&t=OV-ZsD4 HTTP/1.1" 200 118 "https://teachertables.com/teacher/teacher_log_in/schoolTeacher" "Mozilla/5.0 (Macintosh; Intel Mac OS X 10_15_7) AppleWebKit/605.1.15 (KHTML, like Gecko) Version/16.4 Safari/605.1.15" "-"
203.45.80.162 - - [09/May/2023:03:30:22 +0000] "POST /socket.io/?EIO=4&transport=polling&t=OV-ZsDO&sid=fksJGCjUpIkABWiEAAAG HTTP/1.1" 200 2 "https://teachertables.com/teacher/teacher_log_in/schoolTeacher" "Mozilla/5.0 (Macintosh; Intel Mac OS X 10_15_7) AppleWebKit/605.1.15 (KHTML, like Gecko) Version/16.4 Safari/605.1.15" "-"
203.45.80.162 - - [09/May/2023:03:30:22 +0000] "GET /socket.io/?EIO=4&transport=polling&t=OV-ZsDO.0&sid=fksJGCjUpIkABWiEAAAG HTTP/1.1" 200 32 "https://teachertables.com/teacher/teacher_log_in/schoolTeacher" "Mozilla/5.0 (Macintosh; Intel Mac OS X 10_15_7) AppleWebKit/605.1.15 (KHTML, like Gecko) Version/16.4 Safari/605.1.15" "-"
203.45.80.162 - - [09/May/2023:03:30:24 +0000] "GET /socket.io/?EIO=4&transport=websocket&sid=fksJGCjUpIkABWiEAAAG HTTP/1.1" 101 379 "-" "Mozilla/5.0 (Macintosh; Intel Mac OS X 10_15_7) AppleWebKit/605.1.15 (KHTML, like Gecko) Version/16.4 Safari/605.1.15" "-"
120.17.131.141 - - [09/May/2023:03:30:24 +0000] "GET /socket.io/?EIO=4&transport=websocket&sid=JIUZZ3RP1C9JfleVAAAE HTTP/1.1" 101 8 "-" "Mozilla/5.0 (Linux; Android 11; SM-G973F) AppleWebKit/537.36 (KHTML, like Gecko) Chrome/112.0.0.0 Mobile Safari/537.36" "-"
120.18.220.92 - - [09/May/2023:03:30:24 +0000] "GET /socket.io/?EIO=4&transport=websocket&sid=DYszHE48SHTAe570AAAC HTTP/1.1" 101 326 "-" "Mozilla/5.0 (Windows NT 10.0; Win64; x64) AppleWebKit/537.36 (KHTML, like Gecko) Chrome/113.0.0.0 Safari/537.36 Edg/113.0.1774.35" "-"
120.17.131.141 - - [09/May/2023:03:30:24 +0000] "GET /socket.io/?EIO=4&transport=websocket&sid=wMbPoSkZSOSrW3oTAAAA HTTP/1.1" 101 8 "-" "Mozilla/5.0 (Linux; Android 11; SM-G973F) AppleWebKit/537.36 (KHTML, like Gecko) Chrome/112.0.0.0 Mobile Safari/537.36" "-"
203.45.80.162 - - [09/May/2023:03:30:24 +0000] "GET /teacher/get_game_code/q8gk56/Moe HTTP/1.1" 502 173 "https://teachertables.com/teacher/teacher_log_in/schoolTeacher" "Mozilla/5.0 (Macintosh; Intel Mac OS X 10_15_7) AppleWebKit/605.1.15 (KHTML, like Gecko) Version/16.4 Safari/605.1.15" "-"
120.18.220.92 - - [09/May/2023:03:30:25 +0000] "GET /socket.io/?EIO=4&transport=polling&t=OV-Zs_T HTTP/1.1" 502 575 "https://teachertables.com/parent/x6f22h" "Mozilla/5.0 (Windows NT 10.0; Win64; x64) AppleWebKit/537.36 (KHTML, like Gecko) Chrome/113.0.0.0 Safari/537.36 Edg/113.0.1774.35" "-"
120.17.131.141 - - [09/May/2023:03:30:25 +0000] "GET /socket.io/?EIO=4&transport=polling&t=OV-ZsXS HTTP/1.1" 502 575 "https://teachertables.com/teacher/nonMember" "Mozilla/5.0 (Linux; Android 11; SM-G973F) AppleWebKit/537.36 (KHTML, like Gecko) Chrome/112.0.0.0 Mobile Safari/537.36" "-"
120.17.131.141 - - [09/May/2023:03:30:25 +0000] "GET /socket.io/?EIO=4&transport=polling&t=OV-ZsXY HTTP/1.1" 502 575 "https://teachertables.com/teacher/nonMember" "Mozilla/5.0 (Linux; Android 11; SM-G973F) AppleWebKit/537.36 (KHTML, like Gecko) Chrome/112.0.0.0 Mobile Safari/537.36" "-"
120.18.220.92 - - [09/May/2023:03:30:27 +0000] "GET /socket.io/?EIO=4&transport=polling&t=OV-ZtUj HTTP/1.1" 502 575 "https://teachertables.com/parent/x6f22h" "Mozilla/5.0 (Windows NT 10.0; Win64; x64) AppleWebKit/537.36 (KHTML, like Gecko) Chrome/113.0.0.0 Safari/537.36 Edg/113.0.1774.35" "-"
120.17.131.141 - - [09/May/2023:03:30:28 +0000] "GET /socket.io/?EIO=4&transport=polling&t=OV-ZtGH HTTP/1.1" 502 575 "https://teachertables.com/teacher/nonMember" "Mozilla/5.0 (Linux; Android 11; SM-G973F) AppleWebKit/537.36 (KHTML, like Gecko) Chrome/112.0.0.0 Mobile Safari/537.36" "-"
120.17.131.141 - - [09/May/2023:03:30:28 +0000] "GET /socket.io/?EIO=4&transport=polling&t=OV-ZtGK HTTP/1.1" 502 575 "https://teachertables.com/teacher/nonMember" "Mozilla/5.0 (Linux; Android 11; SM-G973F) AppleWebKit/537.36 (KHTML, like Gecko) Chrome/112.0.0.0 Mobile Safari/537.36" "-"
120.18.220.92 - - [09/May/2023:03:30:31 +0000] "GET /socket.io/?EIO=4&transport=polling&t=OV-ZuTC HTTP/1.1" 502 575 "https://teachertables.com/parent/x6f22h" "Mozilla/5.0 (Windows NT 10.0; Win64; x64) AppleWebKit/537.36 (KHTML, like Gecko) Chrome/113.0.0.0 Safari/537.36 Edg/113.0.1774.35" "-"
120.17.131.141 - - [09/May/2023:03:30:31 +0000] "GET /socket.io/?EIO=4&transport=polling&t=OV-Zt_H HTTP/1.1" 502 575 "https://teachertables.com/teacher/nonMember" "Mozilla/5.0 (Linux; Android 11; SM-G973F) AppleWebKit/537.36 (KHTML, like Gecko) Chrome/112.0.0.0 Mobile Safari/537.36" "-"
120.17.131.141 - - [09/May/2023:03:30:34 +0000] "GET /socket.io/?EIO=4&transport=polling&t=OV-Zuk2 HTTP/1.1" 502 575 "https://teachertables.com/teacher/nonMember" "Mozilla/5.0 (Linux; Android 11; SM-G973F) AppleWebKit/537.36 (KHTML, like Gecko) Chrome/112.0.0.0 Mobile Safari/537.36" "-"
120.18.220.92 - - [09/May/2023:03:30:37 +0000] "GET /socket.io/?EIO=4&transport=polling&t=OV-Zvwo HTTP/1.1" 200 118 "https://teachertables.com/parent/x6f22h" "Mozilla/5.0 (Windows NT 10.0; Win64; x64) AppleWebKit/537.36 (KHTML, like Gecko) Chrome/113.0.0.0 Safari/537.36 Edg/113.0.1774.35" "-"
120.18.220.92 - - [09/May/2023:03:30:37 +0000] "POST /socket.io/?EIO=4&transport=polling&t=OV-Zvxj&sid=gS45_9EgSQRsdra2AAAA HTTP/1.1" 200 2 "https://teachertables.com/parent/x6f22h" "Mozilla/5.0 (Windows NT 10.0; Win64; x64) AppleWebKit/537.36 (KHTML, like Gecko) Chrome/113.0.0.0 Safari/537.36 Edg/113.0.1774.35" "-"
120.18.220.92 - - [09/May/2023:03:30:37 +0000] "GET /socket.io/?EIO=4&transport=polling&t=OV-Zvxn&sid=gS45_9EgSQRsdra2AAAA HTTP/1.1" 200 32 "https://teachertables.com/parent/x6f22h" "Mozilla/5.0 (Windows NT 10.0; Win64; x64) AppleWebKit/537.36 (KHTML, like Gecko) Chrome/113.0.0.0 Safari/537.36 Edg/113.0.1774.35" "-"
120.18.220.92 - - [09/May/2023:03:30:37 +0000] "POST /socket.io/?EIO=4&transport=polling&t=OV-ZvzM&sid=gS45_9EgSQRsdra2AAAA HTTP/1.1" 200 2 "https://teachertables.com/parent/x6f22h" "Mozilla/5.0 (Windows NT 10.0; Win64; x64) AppleWebKit/537.36 (KHTML, like Gecko) Chrome/113.0.0.0 Safari/537.36 Edg/113.0.1774.35" "-"
120.18.220.92 - - [09/May/2023:03:30:37 +0000] "GET /socket.io/?EIO=4&transport=polling&t=OV-ZvzN&sid=gS45_9EgSQRsdra2AAAA HTTP/1.1" 200 312 "https://teachertables.com/parent/x6f22h" "Mozilla/5.0 (Windows NT 10.0; Win64; x64) AppleWebKit/537.36 (KHTML, like Gecko) Chrome/113.0.0.0 Safari/537.36 Edg/113.0.1774.35" "-"
120.18.220.92 - - [09/May/2023:03:30:37 +0000] "POST /socket.io/?EIO=4&transport=polling&t=OV-Zv-D&sid=gS45_9EgSQRsdra2AAAA HTTP/1.1" 200 2 "https://teachertables.com/parent/x6f22h" "Mozilla/5.0 (Windows NT 10.0; Win64; x64) AppleWebKit/537.36 (KHTML, like Gecko) Chrome/113.0.0.0 Safari/537.36 Edg/113.0.1774.35" "-"
120.18.220.92 - - [09/May/2023:03:30:37 +0000] "GET /socket.io/?EIO=4&transport=polling&t=OV-Zv-F&sid=gS45_9EgSQRsdra2AAAA HTTP/1.1" 200 163 "https://teachertables.com/parent/x6f22h" "Mozilla/5.0 (Windows NT 10.0; Win64; x64) AppleWebKit/537.36 (KHTML, like Gecko) Chrome/113.0.0.0 Safari/537.36 Edg/113.0.1774.35" "-"
120.17.131.141 - - [09/May/2023:03:30:37 +0000] "GET /socket.io/?EIO=4&transport=polling&t=OV-ZvSw HTTP/1.1" 200 118 "https://teachertables.com/teacher/nonMember" "Mozilla/5.0 (Linux; Android 11; SM-G973F) AppleWebKit/537.36 (KHTML, like Gecko) Chrome/112.0.0.0 Mobile Safari/537.36" "-"
120.17.131.141 - - [09/May/2023:03:30:37 +0000] "POST /socket.io/?EIO=4&transport=polling&t=OV-ZvUQ&sid=RWU6PtiwWkv_LiZxAAAC HTTP/1.1" 200 2 "https://teachertables.com/teacher/nonMember" "Mozilla/5.0 (Linux; Android 11; SM-G973F) AppleWebKit/537.36 (KHTML, like Gecko) Chrome/112.0.0.0 Mobile Safari/537.36" "-"
120.17.131.141 - - [09/May/2023:03:30:37 +0000] "GET /socket.io/?EIO=4&transport=polling&t=OV-ZvUZ&sid=RWU6PtiwWkv_LiZxAAAC HTTP/1.1" 200 32 "https://teachertables.com/teacher/nonMember" "Mozilla/5.0 (Linux; Android 11; SM-G973F) AppleWebKit/537.36 (KHTML, like Gecko) Chrome/112.0.0.0 Mobile Safari/537.36" "-"
120.17.131.141 - - [09/May/2023:03:30:38 +0000] "GET /socket.io/?EIO=4&transport=polling&t=OV-ZvZT&sid=RWU6PtiwWkv_LiZxAAAC HTTP/1.1" 200 1 "https://teachertables.com/teacher/nonMember" "Mozilla/5.0 (Linux; Android 11; SM-G973F) AppleWebKit/537.36 (KHTML, like Gecko) Chrome/112.0.0.0 Mobile Safari/537.36" "-"
120.17.131.141 - - [09/May/2023:03:30:40 +0000] "GET /socket.io/?EIO=4&transport=polling&t=OV-ZwBo HTTP/1.1" 200 118 "https://teachertables.com/teacher/nonMember" "Mozilla/5.0 (Linux; Android 11; SM-G973F) AppleWebKit/537.36 (KHTML, like Gecko) Chrome/112.0.0.0 Mobile Safari/537.36" "-"
120.17.131.141 - - [09/May/2023:03:30:40 +0000] "POST /socket.io/?EIO=4&transport=polling&t=OV-ZwDY&sid=kng37_9U8BZJHBLvAAAE HTTP/1.1" 200 2 "https://teachertables.com/teacher/nonMember" "Mozilla/5.0 (Linux; Android 11; SM-G973F) AppleWebKit/537.36 (KHTML, like Gecko) Chrome/112.0.0.0 Mobile Safari/537.36" "-"
120.17.131.141 - - [09/May/2023:03:30:41 +0000] "GET /socket.io/?EIO=4&transport=polling&t=OV-ZwDe&sid=kng37_9U8BZJHBLvAAAE HTTP/1.1" 200 32 "https://teachertables.com/teacher/nonMember" "Mozilla/5.0 (Linux; Android 11; SM-G973F) AppleWebKit/537.36 (KHTML, like Gecko) Chrome/112.0.0.0 Mobile Safari/537.36" "-"
120.18.220.92 - - [09/May/2023:03:31:03 +0000] "GET /parent/assign_tasks/x6f22h/none HTTP/1.1" 304 0 "https://teachertables.com/parent/x6f22h" "Mozilla/5.0 (Windows NT 10.0; Win64; x64) AppleWebKit/537.36 (KHTML, like Gecko) Chrome/113.0.0.0 Safari/537.36 Edg/113.0.1774.35" "-"
120.18.220.92 - - [09/May/2023:03:31:03 +0000] "GET /socket.io/?EIO=4&transport=websocket&sid=gS45_9EgSQRsdra2AAAA HTTP/1.1" 101 164 "-" "Mozilla/5.0 (Windows NT 10.0; Win64; x64) AppleWebKit/537.36 (KHTML, like Gecko) Chrome/113.0.0.0 Safari/537.36 Edg/113.0.1774.35" "-"
120.18.220.92 - - [09/May/2023:03:31:03 +0000] "GET /images/teacher_tables.svg HTTP/1.1" 304 0 "https://teachertables.com/parent/assign_tasks/x6f22h/none" "Mozilla/5.0 (Windows NT 10.0; Win64; x64) AppleWebKit/537.36 (KHTML, like Gecko) Chrome/113.0.0.0 Safari/537.36 Edg/113.0.1774.35" "-"
120.18.220.92 - - [09/May/2023:03:31:03 +0000] "GET /images/profile.svg HTTP/1.1" 304 0 "https://teachertables.com/parent/assign_tasks/x6f22h/none" "Mozilla/5.0 (Windows NT 10.0; Win64; x64) AppleWebKit/537.36 (KHTML, like Gecko) Chrome/113.0.0.0 Safari/537.36 Edg/113.0.1774.35" "-"
120.18.220.92 - - [09/May/2023:03:31:03 +0000] "GET /scripts/teacher/yearActivity_and_activityName_objects.js HTTP/1.1" 304 0 "https://teachertables.com/parent/assign_tasks/x6f22h/none" "Mozilla/5.0 (Windows NT 10.0; Win64; x64) AppleWebKit/537.36 (KHTML, like Gecko) Chrome/113.0.0.0 Safari/537.36 Edg/113.0.1774.35" "-"
120.18.220.92 - - [09/May/2023:03:31:03 +0000] "GET /images/refresh.svg HTTP/1.1" 304 0 "https://teachertables.com/parent/assign_tasks/x6f22h/none" "Mozilla/5.0 (Windows NT 10.0; Win64; x64) AppleWebKit/537.36 (KHTML, like Gecko) Chrome/113.0.0.0 Safari/537.36 Edg/113.0.1774.35" "-"
120.18.220.92 - - [09/May/2023:03:31:03 +0000] "GET /scripts/full_activity_menu.js HTTP/1.1" 304 0 "https://teachertables.com/parent/assign_tasks/x6f22h/none" "Mozilla/5.0 (Windows NT 10.0; Win64; x64) AppleWebKit/537.36 (KHTML, like Gecko) Chrome/113.0.0.0 Safari/537.36 Edg/113.0.1774.35" "-"
120.18.220.92 - - [09/May/2023:03:31:03 +0000] "GET /images/magnifying_glass.svg HTTP/1.1" 304 0 "https://teachertables.com/parent/assign_tasks/x6f22h/none" "Mozilla/5.0 (Windows NT 10.0; Win64; x64) AppleWebKit/537.36 (KHTML, like Gecko) Chrome/113.0.0.0 Safari/537.36 Edg/113.0.1774.35" "-"
120.18.220.92 - - [09/May/2023:03:31:03 +0000] "GET /images/edit.svg HTTP/1.1" 304 0 "https://teachertables.com/parent/assign_tasks/x6f22h/none" "Mozilla/5.0 (Windows NT 10.0; Win64; x64) AppleWebKit/537.36 (KHTML, like Gecko) Chrome/113.0.0.0 Safari/537.36 Edg/113.0.1774.35" "-"
120.18.220.92 - - [09/May/2023:03:31:03 +0000] "GET /images/post.svg HTTP/1.1" 304 0 "https://teachertables.com/parent/assign_tasks/x6f22h/none" "Mozilla/5.0 (Windows NT 10.0; Win64; x64) AppleWebKit/537.36 (KHTML, like Gecko) Chrome/113.0.0.0 Safari/537.36 Edg/113.0.1774.35" "-"
120.18.220.92 - - [09/May/2023:03:31:04 +0000] "GET /socket.io/?EIO=4&transport=polling&t=OV-a0Tr HTTP/1.1" 200 118 "https://teachertables.com/parent/assign_tasks/x6f22h/none" "Mozilla/5.0 (Windows NT 10.0; Win64; x64) AppleWebKit/537.36 (KHTML, like Gecko) Chrome/113.0.0.0 Safari/537.36 Edg/113.0.1774.35" "-"
120.18.220.92 - - [09/May/2023:03:31:04 +0000] "GET /images/favicon.png HTTP/1.1" 304 0 "https://teachertables.com/parent/assign_tasks/x6f22h/none" "Mozilla/5.0 (Windows NT 10.0; Win64; x64) AppleWebKit/537.36 (KHTML, like Gecko) Chrome/113.0.0.0 Safari/537.36 Edg/113.0.1774.35" "-"
120.18.220.92 - - [09/May/2023:03:31:04 +0000] "POST /socket.io/?EIO=4&transport=polling&t=OV-a0Uy&sid=UbKvirnc4Gl-fzwOAAAG HTTP/1.1" 200 2 "https://teachertables.com/parent/assign_tasks/x6f22h/none" "Mozilla/5.0 (Windows NT 10.0; Win64; x64) AppleWebKit/537.36 (KHTML, like Gecko) Chrome/113.0.0.0 Safari/537.36 Edg/113.0.1774.35" "-"
120.18.220.92 - - [09/May/2023:03:31:04 +0000] "GET /socket.io/?EIO=4&transport=polling&t=OV-a0VA&sid=UbKvirnc4Gl-fzwOAAAG HTTP/1.1" 200 32 "https://teachertables.com/parent/assign_tasks/x6f22h/none" "Mozilla/5.0 (Windows NT 10.0; Win64; x64) AppleWebKit/537.36 (KHTML, like Gecko) Chrome/113.0.0.0 Safari/537.36 Edg/113.0.1774.35" "-"
120.18.220.92 - - [09/May/2023:03:31:04 +0000] "POST /socket.io/?EIO=4&transport=polling&t=OV-a0Wj&sid=UbKvirnc4Gl-fzwOAAAG HTTP/1.1" 200 2 "https://teachertables.com/parent/assign_tasks/x6f22h/none" "Mozilla/5.0 (Windows NT 10.0; Win64; x64) AppleWebKit/537.36 (KHTML, like Gecko) Chrome/113.0.0.0 Safari/537.36 Edg/113.0.1774.35" "-"
120.18.220.92 - - [09/May/2023:03:31:04 +0000] "GET /socket.io/?EIO=4&transport=polling&t=OV-a0Wl&sid=UbKvirnc4Gl-fzwOAAAG HTTP/1.1" 200 312 "https://teachertables.com/parent/assign_tasks/x6f22h/none" "Mozilla/5.0 (Windows NT 10.0; Win64; x64) AppleWebKit/537.36 (KHTML, like Gecko) Chrome/113.0.0.0 Safari/537.36 Edg/113.0.1774.35" "-"
120.18.220.92 - - [09/May/2023:03:31:07 +0000] "GET /parent/x6f22h HTTP/1.1" 304 0 "https://teachertables.com/parent/assign_tasks/x6f22h/none" "Mozilla/5.0 (Windows NT 10.0; Win64; x64) AppleWebKit/537.36 (KHTML, like Gecko) Chrome/113.0.0.0 Safari/537.36 Edg/113.0.1774.35" "-"
120.18.220.92 - - [09/May/2023:03:31:07 +0000] "GET /socket.io/?EIO=4&transport=websocket&sid=UbKvirnc4Gl-fzwOAAAG HTTP/1.1" 101 330 "-" "Mozilla/5.0 (Windows NT 10.0; Win64; x64) AppleWebKit/537.36 (KHTML, like Gecko) Chrome/113.0.0.0 Safari/537.36 Edg/113.0.1774.35" "-"
120.18.220.92 - - [09/May/2023:03:31:07 +0000] "GET /images/my_tasks.svg HTTP/1.1" 304 0 "https://teachertables.com/parent/x6f22h" "Mozilla/5.0 (Windows NT 10.0; Win64; x64) AppleWebKit/537.36 (KHTML, like Gecko) Chrome/113.0.0.0 Safari/537.36 Edg/113.0.1774.35" "-"
120.18.220.92 - - [09/May/2023:03:31:07 +0000] "GET /images/teacher_tables.svg HTTP/1.1" 304 0 "https://teachertables.com/parent/x6f22h" "Mozilla/5.0 (Windows NT 10.0; Win64; x64) AppleWebKit/537.36 (KHTML, like Gecko) Chrome/113.0.0.0 Safari/537.36 Edg/113.0.1774.35" "-"
120.18.220.92 - - [09/May/2023:03:31:07 +0000] "GET /images/teacher.svg HTTP/1.1" 304 0 "https://teachertables.com/parent/x6f22h" "Mozilla/5.0 (Windows NT 10.0; Win64; x64) AppleWebKit/537.36 (KHTML, like Gecko) Chrome/113.0.0.0 Safari/537.36 Edg/113.0.1774.35" "-"
120.18.220.92 - - [09/May/2023:03:31:07 +0000] "GET /scripts/teacher/yearActivity_and_activityName_objects.js HTTP/1.1" 304 0 "https://teachertables.com/parent/x6f22h" "Mozilla/5.0 (Windows NT 10.0; Win64; x64) AppleWebKit/537.36 (KHTML, like Gecko) Chrome/113.0.0.0 Safari/537.36 Edg/113.0.1774.35" "-"
120.18.220.92 - - [09/May/2023:03:31:07 +0000] "GET /images/profile.svg HTTP/1.1" 304 0 "https://teachertables.com/parent/x6f22h" "Mozilla/5.0 (Windows NT 10.0; Win64; x64) AppleWebKit/537.36 (KHTML, like Gecko) Chrome/113.0.0.0 Safari/537.36 Edg/113.0.1774.35" "-"
120.18.220.92 - - [09/May/2023:03:31:07 +0000] "GET /images/edit.svg HTTP/1.1" 304 0 "https://teachertables.com/parent/x6f22h" "Mozilla/5.0 (Windows NT 10.0; Win64; x64) AppleWebKit/537.36 (KHTML, like Gecko) Chrome/113.0.0.0 Safari/537.36 Edg/113.0.1774.35" "-"
120.18.220.92 - - [09/May/2023:03:31:07 +0000] "GET /socket.io/?EIO=4&transport=polling&t=OV-a1MJ HTTP/1.1" 200 118 "https://teachertables.com/parent/x6f22h" "Mozilla/5.0 (Windows NT 10.0; Win64; x64) AppleWebKit/537.36 (KHTML, like Gecko) Chrome/113.0.0.0 Safari/537.36 Edg/113.0.1774.35" "-"
120.18.220.92 - - [09/May/2023:03:31:07 +0000] "POST /socket.io/?EIO=4&transport=polling&t=OV-a1NO&sid=3ZXH2x-sAzLUjscyAAAI HTTP/1.1" 200 2 "https://teachertables.com/parent/x6f22h" "Mozilla/5.0 (Windows NT 10.0; Win64; x64) AppleWebKit/537.36 (KHTML, like Gecko) Chrome/113.0.0.0 Safari/537.36 Edg/113.0.1774.35" "-"
120.18.220.92 - - [09/May/2023:03:31:07 +0000] "GET /socket.io/?EIO=4&transport=polling&t=OV-a1NW&sid=3ZXH2x-sAzLUjscyAAAI HTTP/1.1" 200 32 "https://teachertables.com/parent/x6f22h" "Mozilla/5.0 (Windows NT 10.0; Win64; x64) AppleWebKit/537.36 (KHTML, like Gecko) Chrome/113.0.0.0 Safari/537.36 Edg/113.0.1774.35" "-"
120.18.220.92 - - [09/May/2023:03:31:07 +0000] "POST /socket.io/?EIO=4&transport=polling&t=OV-a1PI&sid=3ZXH2x-sAzLUjscyAAAI HTTP/1.1" 200 2 "https://teachertables.com/parent/x6f22h" "Mozilla/5.0 (Windows NT 10.0; Win64; x64) AppleWebKit/537.36 (KHTML, like Gecko) Chrome/113.0.0.0 Safari/537.36 Edg/113.0.1774.35" "-"
120.18.220.92 - - [09/May/2023:03:31:07 +0000] "GET /socket.io/?EIO=4&transport=polling&t=OV-a1PK&sid=3ZXH2x-sAzLUjscyAAAI HTTP/1.1" 200 312 "https://teachertables.com/parent/x6f22h" "Mozilla/5.0 (Windows NT 10.0; Win64; x64) AppleWebKit/537.36 (KHTML, like Gecko) Chrome/113.0.0.0 Safari/537.36 Edg/113.0.1774.35" "-"
120.18.220.92 - - [09/May/2023:03:31:08 +0000] "GET /images/task_none.svg HTTP/1.1" 304 0 "https://teachertables.com/parent/x6f22h" "Mozilla/5.0 (Windows NT 10.0; Win64; x64) AppleWebKit/537.36 (KHTML, like Gecko) Chrome/113.0.0.0 Safari/537.36 Edg/113.0.1774.35" "-"
120.18.220.92 - - [09/May/2023:03:31:08 +0000] "GET /parent/student_profiles/x6f22h/Russell HTTP/1.1" 304 0 "https://teachertables.com/parent/x6f22h" "Mozilla/5.0 (Windows NT 10.0; Win64; x64) AppleWebKit/537.36 (KHTML, like Gecko) Chrome/113.0.0.0 Safari/537.36 Edg/113.0.1774.35" "-"
120.18.220.92 - - [09/May/2023:03:31:08 +0000] "GET /socket.io/?EIO=4&transport=websocket&sid=3ZXH2x-sAzLUjscyAAAI HTTP/1.1" 101 326 "-" "Mozilla/5.0 (Windows NT 10.0; Win64; x64) AppleWebKit/537.36 (KHTML, like Gecko) Chrome/113.0.0.0 Safari/537.36 Edg/113.0.1774.35" "-"
120.18.220.92 - - [09/May/2023:03:31:08 +0000] "GET /images/teacher_tables.svg HTTP/1.1" 304 0 "https://teachertables.com/parent/student_profiles/x6f22h/Russell" "Mozilla/5.0 (Windows NT 10.0; Win64; x64) AppleWebKit/537.36 (KHTML, like Gecko) Chrome/113.0.0.0 Safari/537.36 Edg/113.0.1774.35" "-"
120.18.220.92 - - [09/May/2023:03:31:08 +0000] "GET /images/printer.svg HTTP/1.1" 304 0 "https://teachertables.com/parent/student_profiles/x6f22h/Russell" "Mozilla/5.0 (Windows NT 10.0; Win64; x64) AppleWebKit/537.36 (KHTML, like Gecko) Chrome/113.0.0.0 Safari/537.36 Edg/113.0.1774.35" "-"
120.18.220.92 - - [09/May/2023:03:31:08 +0000] "GET /scripts/teacher/yearActivity_and_activityName_objects.js HTTP/1.1" 304 0 "https://teachertables.com/parent/student_profiles/x6f22h/Russell" "Mozilla/5.0 (Windows NT 10.0; Win64; x64) AppleWebKit/537.36 (KHTML, like Gecko) Chrome/113.0.0.0 Safari/537.36 Edg/113.0.1774.35" "-"
120.18.220.92 - - [09/May/2023:03:31:08 +0000] "GET /images/refresh.svg HTTP/1.1" 304 0 "https://teachertables.com/parent/student_profiles/x6f22h/Russell" "Mozilla/5.0 (Windows NT 10.0; Win64; x64) AppleWebKit/537.36 (KHTML, like Gecko) Chrome/113.0.0.0 Safari/537.36 Edg/113.0.1774.35" "-"
120.18.220.92 - - [09/May/2023:03:31:08 +0000] "GET /images/magnifying_glass.svg HTTP/1.1" 304 0 "https://teachertables.com/parent/student_profiles/x6f22h/Russell" "Mozilla/5.0 (Windows NT 10.0; Win64; x64) AppleWebKit/537.36 (KHTML, like Gecko) Chrome/113.0.0.0 Safari/537.36 Edg/113.0.1774.35" "-"
120.18.220.92 - - [09/May/2023:03:31:09 +0000] "GET /socket.io/?EIO=4&transport=polling&t=OV-a1gY HTTP/1.1" 200 118 "https://teachertables.com/parent/student_profiles/x6f22h/Russell" "Mozilla/5.0 (Windows NT 10.0; Win64; x64) AppleWebKit/537.36 (KHTML, like Gecko) Chrome/113.0.0.0 Safari/537.36 Edg/113.0.1774.35" "-"
120.18.220.92 - - [09/May/2023:03:31:09 +0000] "POST /socket.io/?EIO=4&transport=polling&t=OV-a1iC&sid=ES70OVTdaI6uIB5eAAAK HTTP/1.1" 200 2 "https://teachertables.com/parent/student_profiles/x6f22h/Russell" "Mozilla/5.0 (Windows NT 10.0; Win64; x64) AppleWebKit/537.36 (KHTML, like Gecko) Chrome/113.0.0.0 Safari/537.36 Edg/113.0.1774.35" "-"
120.18.220.92 - - [09/May/2023:03:31:09 +0000] "GET /socket.io/?EIO=4&transport=polling&t=OV-a1iG&sid=ES70OVTdaI6uIB5eAAAK HTTP/1.1" 200 32 "https://teachertables.com/parent/student_profiles/x6f22h/Russell" "Mozilla/5.0 (Windows NT 10.0; Win64; x64) AppleWebKit/537.36 (KHTML, like Gecko) Chrome/113.0.0.0 Safari/537.36 Edg/113.0.1774.35" "-"
120.18.220.92 - - [09/May/2023:03:31:09 +0000] "POST /socket.io/?EIO=4&transport=polling&t=OV-a1js&sid=ES70OVTdaI6uIB5eAAAK HTTP/1.1" 200 2 "https://teachertables.com/parent/student_profiles/x6f22h/Russell" "Mozilla/5.0 (Windows NT 10.0; Win64; x64) AppleWebKit/537.36 (KHTML, like Gecko) Chrome/113.0.0.0 Safari/537.36 Edg/113.0.1774.35" "-"
120.18.220.92 - - [09/May/2023:03:31:09 +0000] "GET /socket.io/?EIO=4&transport=polling&t=OV-a1jt&sid=ES70OVTdaI6uIB5eAAAK HTTP/1.1" 200 312 "https://teachertables.com/parent/student_profiles/x6f22h/Russell" "Mozilla/5.0 (Windows NT 10.0; Win64; x64) AppleWebKit/537.36 (KHTML, like Gecko) Chrome/113.0.0.0 Safari/537.36 Edg/113.0.1774.35" "-"
120.18.220.92 - - [09/May/2023:03:31:10 +0000] "GET /parent/x6f22h HTTP/1.1" 304 0 "https://teachertables.com/parent/student_profiles/x6f22h/Russell" "Mozilla/5.0 (Windows NT 10.0; Win64; x64) AppleWebKit/537.36 (KHTML, like Gecko) Chrome/113.0.0.0 Safari/537.36 Edg/113.0.1774.35" "-"
120.18.220.92 - - [09/May/2023:03:31:10 +0000] "GET /socket.io/?EIO=4&transport=websocket&sid=ES70OVTdaI6uIB5eAAAK HTTP/1.1" 101 142 "-" "Mozilla/5.0 (Windows NT 10.0; Win64; x64) AppleWebKit/537.36 (KHTML, like Gecko) Chrome/113.0.0.0 Safari/537.36 Edg/113.0.1774.35" "-"
120.18.220.92 - - [09/May/2023:03:31:10 +0000] "GET /images/teacher_tables.svg HTTP/1.1" 304 0 "https://teachertables.com/parent/x6f22h" "Mozilla/5.0 (Windows NT 10.0; Win64; x64) AppleWebKit/537.36 (KHTML, like Gecko) Chrome/113.0.0.0 Safari/537.36 Edg/113.0.1774.35" "-"
120.18.220.92 - - [09/May/2023:03:31:10 +0000] "GET /images/my_tasks.svg HTTP/1.1" 304 0 "https://teachertables.com/parent/x6f22h" "Mozilla/5.0 (Windows NT 10.0; Win64; x64) AppleWebKit/537.36 (KHTML, like Gecko) Chrome/113.0.0.0 Safari/537.36 Edg/113.0.1774.35" "-"
120.18.220.92 - - [09/May/2023:03:31:10 +0000] "GET /images/edit.svg HTTP/1.1" 304 0 "https://teachertables.com/parent/x6f22h" "Mozilla/5.0 (Windows NT 10.0; Win64; x64) AppleWebKit/537.36 (KHTML, like Gecko) Chrome/113.0.0.0 Safari/537.36 Edg/113.0.1774.35" "-"
120.18.220.92 - - [09/May/2023:03:31:10 +0000] "GET /scripts/teacher/yearActivity_and_activityName_objects.js HTTP/1.1" 304 0 "https://teachertables.com/parent/x6f22h" "Mozilla/5.0 (Windows NT 10.0; Win64; x64) AppleWebKit/537.36 (KHTML, like Gecko) Chrome/113.0.0.0 Safari/537.36 Edg/113.0.1774.35" "-"
120.18.220.92 - - [09/May/2023:03:31:10 +0000] "GET /images/teacher.svg HTTP/1.1" 304 0 "https://teachertables.com/parent/x6f22h" "Mozilla/5.0 (Windows NT 10.0; Win64; x64) AppleWebKit/537.36 (KHTML, like Gecko) Chrome/113.0.0.0 Safari/537.36 Edg/113.0.1774.35" "-"
120.18.220.92 - - [09/May/2023:03:31:10 +0000] "GET /images/profile.svg HTTP/1.1" 304 0 "https://teachertables.com/parent/x6f22h" "Mozilla/5.0 (Windows NT 10.0; Win64; x64) AppleWebKit/537.36 (KHTML, like Gecko) Chrome/113.0.0.0 Safari/537.36 Edg/113.0.1774.35" "-"
120.18.220.92 - - [09/May/2023:03:31:10 +0000] "GET /socket.io/?EIO=4&transport=polling&t=OV-a1-m HTTP/1.1" 200 118 "https://teachertables.com/parent/x6f22h" "Mozilla/5.0 (Windows NT 10.0; Win64; x64) AppleWebKit/537.36 (KHTML, like Gecko) Chrome/113.0.0.0 Safari/537.36 Edg/113.0.1774.35" "-"
120.18.220.92 - - [09/May/2023:03:31:10 +0000] "POST /socket.io/?EIO=4&transport=polling&t=OV-a1_a&sid=kc8kTiCfmULIxkjvAAAM HTTP/1.1" 200 2 "https://teachertables.com/parent/x6f22h" "Mozilla/5.0 (Windows NT 10.0; Win64; x64) AppleWebKit/537.36 (KHTML, like Gecko) Chrome/113.0.0.0 Safari/537.36 Edg/113.0.1774.35" "-"
120.18.220.92 - - [09/May/2023:03:31:10 +0000] "GET /socket.io/?EIO=4&transport=polling&t=OV-a1_f&sid=kc8kTiCfmULIxkjvAAAM HTTP/1.1" 200 32 "https://teachertables.com/parent/x6f22h" "Mozilla/5.0 (Windows NT 10.0; Win64; x64) AppleWebKit/537.36 (KHTML, like Gecko) Chrome/113.0.0.0 Safari/537.36 Edg/113.0.1774.35" "-"
120.18.220.92 - - [09/May/2023:03:31:10 +0000] "POST /socket.io/?EIO=4&transport=polling&t=OV-a20C&sid=kc8kTiCfmULIxkjvAAAM HTTP/1.1" 200 2 "https://teachertables.com/parent/x6f22h" "Mozilla/5.0 (Windows NT 10.0; Win64; x64) AppleWebKit/537.36 (KHTML, like Gecko) Chrome/113.0.0.0 Safari/537.36 Edg/113.0.1774.35" "-"
120.18.220.92 - - [09/May/2023:03:31:10 +0000] "GET /socket.io/?EIO=4&transport=polling&t=OV-a20E&sid=kc8kTiCfmULIxkjvAAAM HTTP/1.1" 200 312 "https://teachertables.com/parent/x6f22h" "Mozilla/5.0 (Windows NT 10.0; Win64; x64) AppleWebKit/537.36 (KHTML, like Gecko) Chrome/113.0.0.0 Safari/537.36 Edg/113.0.1774.35" "-"
120.18.220.92 - - [09/May/2023:03:31:10 +0000] "POST /socket.io/?EIO=4&transport=polling&t=OV-a20-&sid=kc8kTiCfmULIxkjvAAAM HTTP/1.1" 200 2 "https://teachertables.com/parent/x6f22h" "Mozilla/5.0 (Windows NT 10.0; Win64; x64) AppleWebKit/537.36 (KHTML, like Gecko) Chrome/113.0.0.0 Safari/537.36 Edg/113.0.1774.35" "-"
120.18.220.92 - - [09/May/2023:03:31:10 +0000] "GET /socket.io/?EIO=4&transport=polling&t=OV-a20w&sid=kc8kTiCfmULIxkjvAAAM HTTP/1.1" 200 162 "https://teachertables.com/parent/x6f22h" "Mozilla/5.0 (Windows NT 10.0; Win64; x64) AppleWebKit/537.36 (KHTML, like Gecko) Chrome/113.0.0.0 Safari/537.36 Edg/113.0.1774.35" "-"
120.18.220.92 - - [09/May/2023:03:31:10 +0000] "GET /socket.io/?EIO=4&transport=polling&t=OV-a222&sid=kc8kTiCfmULIxkjvAAAM HTTP/1.1" 200 148 "https://teachertables.com/parent/x6f22h" "Mozilla/5.0 (Windows NT 10.0; Win64; x64) AppleWebKit/537.36 (KHTML, like Gecko) Chrome/113.0.0.0 Safari/537.36 Edg/113.0.1774.35" "-"
120.18.220.92 - - [09/May/2023:03:31:10 +0000] "GET /images/task_none.svg HTTP/1.1" 304 0 "https://teachertables.com/parent/x6f22h" "Mozilla/5.0 (Windows NT 10.0; Win64; x64) AppleWebKit/537.36 (KHTML, like Gecko) Chrome/113.0.0.0 Safari/537.36 Edg/113.0.1774.35" "-"
120.18.220.92 - - [09/May/2023:03:31:12 +0000] "GET / HTTP/1.1" 200 28430 "-" "Mozilla/5.0 (Windows NT 10.0; Win64; x64) AppleWebKit/537.36 (KHTML, like Gecko) Chrome/113.0.0.0 Safari/537.36 Edg/113.0.1774.35" "-"
120.18.220.92 - - [09/May/2023:03:31:12 +0000] "GET /images/teacher_tables.svg HTTP/1.1" 304 0 "https://teachertables.com/" "Mozilla/5.0 (Windows NT 10.0; Win64; x64) AppleWebKit/537.36 (KHTML, like Gecko) Chrome/113.0.0.0 Safari/537.36 Edg/113.0.1774.35" "-"
120.18.220.92 - - [09/May/2023:03:31:12 +0000] "GET /images/home.svg HTTP/1.1" 304 0 "https://teachertables.com/" "Mozilla/5.0 (Windows NT 10.0; Win64; x64) AppleWebKit/537.36 (KHTML, like Gecko) Chrome/113.0.0.0 Safari/537.36 Edg/113.0.1774.35" "-"
120.18.220.92 - - [09/May/2023:03:31:12 +0000] "GET /images/activities.svg HTTP/1.1" 304 0 "https://teachertables.com/" "Mozilla/5.0 (Windows NT 10.0; Win64; x64) AppleWebKit/537.36 (KHTML, like Gecko) Chrome/113.0.0.0 Safari/537.36 Edg/113.0.1774.35" "-"
120.18.220.92 - - [09/May/2023:03:31:12 +0000] "GET /images/my_history.svg HTTP/1.1" 304 0 "https://teachertables.com/" "Mozilla/5.0 (Windows NT 10.0; Win64; x64) AppleWebKit/537.36 (KHTML, like Gecko) Chrome/113.0.0.0 Safari/537.36 Edg/113.0.1774.35" "-"
120.18.220.92 - - [09/May/2023:03:31:12 +0000] "GET /images/my_tasks.svg HTTP/1.1" 304 0 "https://teachertables.com/" "Mozilla/5.0 (Windows NT 10.0; Win64; x64) AppleWebKit/537.36 (KHTML, like Gecko) Chrome/113.0.0.0 Safari/537.36 Edg/113.0.1774.35" "-"
120.18.220.92 - - [09/May/2023:03:31:12 +0000] "GET /images/game_code.svg HTTP/1.1" 304 0 "https://teachertables.com/" "Mozilla/5.0 (Windows NT 10.0; Win64; x64) AppleWebKit/537.36 (KHTML, like Gecko) Chrome/113.0.0.0 Safari/537.36 Edg/113.0.1774.35" "-"
120.18.220.92 - - [09/May/2023:03:31:13 +0000] "GET /images/favicon.png HTTP/1.1" 304 0 "https://teachertables.com/" "Mozilla/5.0 (Windows NT 10.0; Win64; x64) AppleWebKit/537.36 (KHTML, like Gecko) Chrome/113.0.0.0 Safari/537.36 Edg/113.0.1774.35" "-"
120.18.220.92 - - [09/May/2023:03:31:37 +0000] "GET /my_tasks/26xxz762/third HTTP/1.1" 304 0 "https://teachertables.com/parent/x6f22h" "Mozilla/5.0 (Windows NT 10.0; Win64; x64) AppleWebKit/537.36 (KHTML, like Gecko) Chrome/113.0.0.0 Safari/537.36 Edg/113.0.1774.35" "-"
120.18.220.92 - - [09/May/2023:03:31:37 +0000] "GET /images/teacher_tables.svg HTTP/1.1" 304 0 "https://teachertables.com/my_tasks/26xxz762/third" "Mozilla/5.0 (Windows NT 10.0; Win64; x64) AppleWebKit/537.36 (KHTML, like Gecko) Chrome/113.0.0.0 Safari/537.36 Edg/113.0.1774.35" "-"
